app/(dashboard)/my-profile.tsx(442,21): error TS2322: Type 'Employee[]' is not assignable to type 'User[]'.
  Property 'username' is missing in type 'Employee' but required in type 'User'.
app/(dashboard)/notifications.tsx(115,11): error TS2322: Type 'false | { backgroundColor: string; borderColor: string; borderWidth: number; }' is not assignable to type 'ViewStyle'.
  Type 'false' has no properties in common with type 'ViewStyle'.
app/(dashboard)/profile.tsx(170,13): error TS2322: Type '{ children: Element[]; onPress: () => void; className: string; style: { backgroundColor: string; borderWidth: number; borderColor: string; }; hapticType: "light"; }' is not assignable to type 'IntrinsicAttributes & AnimatedPressableProps'.
  Property 'className' does not exist on type 'IntrinsicAttributes & AnimatedPressableProps'.
app/(dashboard)/quick-add.tsx(195,17): error TS2322: Type '{ children: Element[]; key: string; onPress: () => void; style: (ViewStyle | { minHeight: number; padding: 20; position: "relative"; overflow: "hidden"; })[]; hapticType: "medium"; springConfig: "gentle"; animateOnMount: true; delay: number; }' is not assignable to type 'IntrinsicAttributes & AnimatedPressableProps'.
  Property 'delay' does not exist on type 'IntrinsicAttributes & AnimatedPressableProps'.
app/(dashboard)/quick-add.tsx(239,52): error TS7053: Element implicitly has an 'any' type because expression of type '"3xl"' can't be used to index type '{ readonly xs: 16; readonly sm: 20; readonly md: 24; readonly lg: 32; readonly xl: 40; readonly '2xl': 48; }'.
  Property '3xl' does not exist on type '{ readonly xs: 16; readonly sm: 20; readonly md: 24; readonly lg: 32; readonly xl: 40; readonly '2xl': 48; }'.
app/(dashboard)/search.tsx(186,35): error TS2322: Type 'string | undefined' is not assignable to type 'string'.
  Type 'undefined' is not assignable to type 'string'.
app/(modules)/events/[id].tsx(62,38): error TS2339: Property 'getEvent' does not exist on type 'AppEventsService'.
app/(modules)/events/[id].tsx(92,31): error TS2551: Property 'deleteEvent' does not exist on type 'AppEventsService'. Did you mean 'deleteAppEvent'?
app/(modules)/events/add-client.tsx(105,9): error TS2353: Object literal may only specify known properties, and 'contact_person' does not exist in type 'CreateClientRequest'.
app/(modules)/events/add-event.tsx(182,13): error TS2322: Type '{ label: string; value: string; onChangeText: (text: string) => void; placeholder: string; keyboardType: "numeric"; prefix: string; }' is not assignable to type 'IntrinsicAttributes & FormFieldProps'.
  Property 'prefix' does not exist on type 'IntrinsicAttributes & FormFieldProps'.
app/(modules)/events/add-lead.tsx(876,33): error TS2339: Property 'category' does not exist on type 'Client'.
app/(modules)/events/add-lead.tsx(876,52): error TS2339: Property 'category' does not exist on type 'Client'.
app/(modules)/events/add-lead.tsx(878,37): error TS2339: Property 'category' does not exist on type 'Client'.
app/(modules)/events/add-lead.tsx(878,51): error TS7006: Parameter 'cat' implicitly has an 'any' type.
app/(modules)/events/add-venue.tsx(53,9): error TS2322: Type 'number | undefined' is not assignable to type 'number'.
  Type 'undefined' is not assignable to type 'number'.
app/(modules)/events/components/ClientsList.tsx(75,38): error TS2353: Object literal may only specify known properties, and 'is_active' does not exist in type 'Partial<CreateClientRequest>'.
app/(modules)/events/components/ClientsList.tsx(139,56): error TS2322: Type '"secondary"' is not assignable to type '"outlined" | "filled" | "subtle" | undefined'.
app/(modules)/events/components/ClientsList.tsx(175,88): error TS2339: Property 'is_active' does not exist on type 'Client'.
app/(modules)/events/components/ClientsList.tsx(177,30): error TS2339: Property 'is_active' does not exist on type 'Client'.
app/(modules)/events/components/ClientsList.tsx(200,33): error TS2339: Property 'category' does not exist on type 'Client'.
app/(modules)/events/components/ClientsList.tsx(200,48): error TS7006: Parameter 'cat' implicitly has an 'any' type.
app/(modules)/events/components/EventsAnalytics.tsx(19,21): error TS2305: Module '"@/types/events"' has no exported member 'Event'.
app/(modules)/events/components/EventsAnalytics.tsx(93,69): error TS2339: Property 'total_budget' does not exist on type 'AppEvent'.
app/(modules)/events/components/EventsAnalytics.tsx(94,55): error TS2367: This comparison appears to be unintentional because the types '"completed" | "cancelled" | "scheduled" | "ongoing"' and '"in-progress"' have no overlap.
app/(modules)/events/components/EventsAnalytics.tsx(96,56): error TS2367: This comparison appears to be unintentional because the types '"completed" | "cancelled" | "scheduled" | "ongoing"' and '"planned"' have no overlap.
app/(modules)/events/components/EventsAnalytics.tsx(102,9): error TS2339: Property 'category' does not exist on type 'Client'.
app/(modules)/events/components/EventsAnalytics.tsx(102,25): error TS7006: Parameter 'cat' implicitly has an 'any' type.
app/(modules)/events/components/EventsAnalytics.tsx(105,9): error TS2339: Property 'category' does not exist on type 'Client'.
app/(modules)/events/components/EventsAnalytics.tsx(105,25): error TS7006: Parameter 'cat' implicitly has an 'any' type.
app/(modules)/events/components/EventsAnalytics.tsx(108,9): error TS2339: Property 'category' does not exist on type 'Client'.
app/(modules)/events/components/EventsAnalytics.tsx(108,25): error TS7006: Parameter 'cat' implicitly has an 'any' type.
app/(modules)/events/components/EventsFilters.tsx(168,13): error TS2322: Type '{ value: string; onChangeText: (query: string) => void; placeholder: string; style: { backgroundColor: string; }; }' is not assignable to type 'IntrinsicAttributes & SearchBarProps'.
  Property 'onChangeText' does not exist on type 'IntrinsicAttributes & SearchBarProps'.
app/(modules)/events/components/EventsFilters.tsx(179,11): error TS2322: Type '"md"' is not assignable to type '"medium" | "small" | "large" | undefined'.
app/(modules)/events/components/EventsFilters.tsx(210,13): error TS2322: Type '"ghost"' is not assignable to type '"primary" | "secondary" | "success" | "warning" | "danger" | undefined'.
app/(modules)/events/components/EventsFilters.tsx(211,13): error TS2322: Type '"sm"' is not assignable to type '"medium" | "small" | "large" | undefined'.
app/(modules)/events/components/EventsFilters.tsx(236,15): error TS2322: Type '"ghost"' is not assignable to type '"primary" | "secondary" | "success" | "warning" | "danger" | undefined'.
app/(modules)/events/components/EventsFilters.tsx(237,15): error TS2322: Type '"md"' is not assignable to type '"medium" | "small" | "large" | undefined'.
app/(modules)/events/components/EventsFilters.tsx(281,19): error TS2322: Type '"secondary"' is not assignable to type '"ghost" | "outlined" | "filled" | undefined'.
app/(modules)/events/components/VenuesList.tsx(134,53): error TS2322: Type '"secondary"' is not assignable to type '"outlined" | "filled" | "subtle" | undefined'.
app/(modules)/events/components/VenuesList.tsx(178,11): error TS2339: Property 'type' does not exist on type 'Venue'.
app/(modules)/events/convert-lead-old.tsx(178,27): error TS2551: Property 'convertLeadToEvent' does not exist on type 'AppEventsService'. Did you mean 'convertLeadToAppEvent'?
app/(modules)/events/convert-lead-old.tsx(621,79): error TS2339: Property 'colors' does not exist on type 'Theme'.
app/(modules)/events/convert-lead-old.tsx(821,44): error TS2339: Property 'type' does not exist on type 'Venue'.
app/(modules)/events/convert-lead.tsx(105,20): error TS2339: Property 'venue' does not exist on type 'Lead'.
app/(modules)/events/convert-lead.tsx(106,35): error TS2339: Property 'venue' does not exist on type 'Lead'.
app/(modules)/events/convert-lead.tsx(109,29): error TS2339: Property 'venue' does not exist on type 'Lead'.
app/(modules)/events/convert-lead.tsx(130,12): error TS2367: This comparison appears to be unintentional because the types '"b2b" | "b2c" | "b2g" | undefined' and '"B2B"' have no overlap.
app/(modules)/events/convert-lead.tsx(130,48): error TS2367: This comparison appears to be unintentional because the types '"b2b" | "b2c" | "b2g" | undefined' and '"B2G"' have no overlap.
app/(modules)/events/convert-lead.tsx(204,47): error TS2339: Property 'venue' does not exist on type 'Lead'.
app/(modules)/events/convert-lead.tsx(234,44): error TS2551: Property 'convertLeadToEvent' does not exist on type 'AppEventsService'. Did you mean 'convertLeadToAppEvent'?
app/(modules)/events/convert-lead.tsx(674,37): error TS2339: Property 'venue' does not exist on type 'Lead'.
app/(modules)/events/convert-lead.tsx(690,43): error TS2339: Property 'venue' does not exist on type 'Lead'.
app/(modules)/events/convert-lead.tsx(693,43): error TS2339: Property 'venue' does not exist on type 'Lead'.
app/(modules)/events/convert-lead.tsx(699,47): error TS2339: Property 'venue' does not exist on type 'Lead'.
app/(modules)/events/convert-lead.tsx(705,47): error TS2339: Property 'venue' does not exist on type 'Lead'.
app/(modules)/events/convert-lead.tsx(899,40): error TS2339: Property 'type' does not exist on type 'Venue'.
app/(modules)/events/convert-lead.tsx(901,83): error TS2339: Property 'type' does not exist on type 'Venue'.
app/(modules)/events/debug-events.tsx(29,46): error TS2339: Property 'name' does not exist on type 'AppEvent'.
app/(modules)/events/debug-events.tsx(81,26): error TS2339: Property 'name' does not exist on type 'AppEvent'.
app/(modules)/events/leads/[id]/convert.tsx(86,23): error TS2345: Argument of type '{ message: string; type: string; }' is not assignable to parameter of type 'string'.
app/(modules)/events/leads/[id]/convert.tsx(124,23): error TS2345: Argument of type '{ message: string; type: string; }' is not assignable to parameter of type 'string'.
app/(modules)/events/leads/[id]/convert.tsx(161,25): error TS2322: Type '{ label: string; options: { label: string; value: string; }[]; value: "redmagic events" | "bling square events"; onSelect: (val: any) => void; }' is not assignable to type 'IntrinsicAttributes & SelectProps'.
  Property 'onSelect' does not exist on type 'IntrinsicAttributes & SelectProps'.
app/(modules)/events/leads/[id]/convert.tsx(161,36): error TS7006: Parameter 'val' implicitly has an 'any' type.
app/(modules)/events/leads/[id]/convert.tsx(172,25): error TS2322: Type '{ label: string; options: { label: string; value: string; }[]; value: "b2b" | "b2c" | "b2g"; onSelect: (val: any) => void; }' is not assignable to type 'IntrinsicAttributes & SelectProps'.
  Property 'onSelect' does not exist on type 'IntrinsicAttributes & SelectProps'.
app/(modules)/events/leads/[id]/convert.tsx(172,36): error TS7006: Parameter 'val' implicitly has an 'any' type.
app/(modules)/events/leads/[id]/convert.tsx(179,29): error TS2322: Type 'number | null' is not assignable to type 'string | number | (string | number)[] | undefined'.
  Type 'null' is not assignable to type 'string | number | (string | number)[] | undefined'.
app/(modules)/events/leads/[id]/convert.tsx(180,40): error TS7006: Parameter 'val' implicitly has an 'any' type.
app/(modules)/events/leads/[id]/convert.tsx(192,25): error TS2322: Type 'number | null' is not assignable to type 'string | number | (string | number)[] | undefined'.
  Type 'null' is not assignable to type 'string | number | (string | number)[] | undefined'.
app/(modules)/events/leads/[id]/convert.tsx(193,36): error TS7006: Parameter 'val' implicitly has an 'any' type.
app/(modules)/events/leads/[id]/convert.tsx(200,33): error TS2322: Type '{ label: string; date: Date; onChange: (d: Date | null) => void; }' is not assignable to type 'IntrinsicAttributes & DatePickerProps'.
  Property 'date' does not exist on type 'IntrinsicAttributes & DatePickerProps'.
app/(modules)/events/leads/[id]/convert.tsx(201,62): error TS2345: Argument of type '(prev: { company: "redmagic events" | "bling square events"; clientCategory: "b2b" | "b2c" | "b2g"; organisationId: number | null; venueId: number | null; typeOfEvent: string; category: string; startDate: Date; endDate: Date; }) => { ...; }' is not assignable to parameter of type 'SetStateAction<{ company: "redmagic events" | "bling square events"; clientCategory: "b2b" | "b2c" | "b2g"; organisationId: number | null; venueId: number | null; typeOfEvent: string; category: string; startDate: Date; endDate: Date; }>'.
  Type '(prev: { company: "redmagic events" | "bling square events"; clientCategory: "b2b" | "b2c" | "b2g"; organisationId: number | null; venueId: number | null; typeOfEvent: string; category: string; startDate: Date; endDate: Date; }) => { ...; }' is not assignable to type '(prevState: { company: "redmagic events" | "bling square events"; clientCategory: "b2b" | "b2c" | "b2g"; organisationId: number | null; venueId: number | null; typeOfEvent: string; category: string; startDate: Date; endDate: Date; }) => { ...; }'.
    Call signature return types '{ startDate: Date | null; company: "redmagic events" | "bling square events"; clientCategory: "b2b" | "b2c" | "b2g"; organisationId: number | null; venueId: number | null; typeOfEvent: string; category: string; endDate: Date; }' and '{ company: "redmagic events" | "bling square events"; clientCategory: "b2b" | "b2c" | "b2g"; organisationId: number | null; venueId: number | null; typeOfEvent: string; category: string; startDate: Date; endDate: Date; }' are incompatible.
      The types of 'startDate' are incompatible between these types.
        Type 'Date | null' is not assignable to type 'Date'.
          Type 'null' is not assignable to type 'Date'.
app/(modules)/events/leads/[id]/convert.tsx(207,33): error TS2322: Type '{ label: string; date: Date; onChange: (d: Date | null) => void; }' is not assignable to type 'IntrinsicAttributes & DatePickerProps'.
  Property 'date' does not exist on type 'IntrinsicAttributes & DatePickerProps'.
app/(modules)/events/leads/[id]/convert.tsx(208,62): error TS2345: Argument of type '(prev: { company: "redmagic events" | "bling square events"; clientCategory: "b2b" | "b2c" | "b2g"; organisationId: number | null; venueId: number | null; typeOfEvent: string; category: string; startDate: Date; endDate: Date; }) => { ...; }' is not assignable to parameter of type 'SetStateAction<{ company: "redmagic events" | "bling square events"; clientCategory: "b2b" | "b2c" | "b2g"; organisationId: number | null; venueId: number | null; typeOfEvent: string; category: string; startDate: Date; endDate: Date; }>'.
  Type '(prev: { company: "redmagic events" | "bling square events"; clientCategory: "b2b" | "b2c" | "b2g"; organisationId: number | null; venueId: number | null; typeOfEvent: string; category: string; startDate: Date; endDate: Date; }) => { ...; }' is not assignable to type '(prevState: { company: "redmagic events" | "bling square events"; clientCategory: "b2b" | "b2c" | "b2g"; organisationId: number | null; venueId: number | null; typeOfEvent: string; category: string; startDate: Date; endDate: Date; }) => { ...; }'.
    Call signature return types '{ endDate: Date | null; company: "redmagic events" | "bling square events"; clientCategory: "b2b" | "b2c" | "b2g"; organisationId: number | null; venueId: number | null; typeOfEvent: string; category: string; startDate: Date; }' and '{ company: "redmagic events" | "bling square events"; clientCategory: "b2b" | "b2c" | "b2g"; organisationId: number | null; venueId: number | null; typeOfEvent: string; category: string; startDate: Date; endDate: Date; }' are incompatible.
      The types of 'endDate' are incompatible between these types.
        Type 'Date | null' is not assignable to type 'Date'.
          Type 'null' is not assignable to type 'Date'.
app/(modules)/events/leads/[id]/convert.tsx(235,25): error TS2322: Type '{ label: string; options: { label: string; value: string; }[]; value: string; onSelect: (val: any) => void; }' is not assignable to type 'IntrinsicAttributes & SelectProps'.
  Property 'onSelect' does not exist on type 'IntrinsicAttributes & SelectProps'.
app/(modules)/events/leads/[id]/convert.tsx(235,36): error TS7006: Parameter 'val' implicitly has an 'any' type.
app/(modules)/events/leads/[id]/convert.tsx(239,18): error TS2322: Type '{ children: string; onPress: () => Promise<void>; loading: boolean; size: "lg"; style: { marginTop: number; }; }' is not assignable to type 'IntrinsicAttributes & ButtonProps'.
  Property 'children' does not exist on type 'IntrinsicAttributes & ButtonProps'.
app/(modules)/events/leads/add.tsx(72,23): error TS2345: Argument of type '{ message: string; type: string; }' is not assignable to parameter of type 'string'.
app/(modules)/events/leads/add.tsx(118,23): error TS2345: Argument of type '{ message: string; type: string; }' is not assignable to parameter of type 'string'.
app/(modules)/events/leads/add.tsx(273,29): error TS2322: Type 'number | null' is not assignable to type 'string | number | (string | number)[] | undefined'.
  Type 'null' is not assignable to type 'string | number | (string | number)[] | undefined'.
app/(modules)/events/leads/add.tsx(274,40): error TS7006: Parameter 'val' implicitly has an 'any' type.
app/(modules)/events/leads/add.tsx(288,33): error TS2322: Type '{ label: string; date: Date; onChange: (d: Date | null) => void; }' is not assignable to type 'IntrinsicAttributes & DatePickerProps'.
  Property 'date' does not exist on type 'IntrinsicAttributes & DatePickerProps'.
app/(modules)/events/leads/add.tsx(289,62): error TS2345: Argument of type '(prev: { clientName: string; clientEmail: string; clientNumber: string; clientCategory: number[]; organisation: number[]; venueId: number | null; venueName: string; venueAddress: string; venueCapacity: string; ... 8 more ...; endDate: Date; }) => { ...; }' is not assignable to parameter of type 'SetStateAction<{ clientName: string; clientEmail: string; clientNumber: string; clientCategory: number[]; organisation: number[]; venueId: number | null; venueName: string; venueAddress: string; venueCapacity: string; ... 8 more ...; endDate: Date; }>'.
  Type '(prev: { clientName: string; clientEmail: string; clientNumber: string; clientCategory: number[]; organisation: number[]; venueId: number | null; venueName: string; venueAddress: string; venueCapacity: string; ... 8 more ...; endDate: Date; }) => { ...; }' is not assignable to type '(prevState: { clientName: string; clientEmail: string; clientNumber: string; clientCategory: number[]; organisation: number[]; venueId: number | null; venueName: string; venueAddress: string; venueCapacity: string; ... 8 more ...; endDate: Date; }) => { ...; }'.
    Call signature return types '{ startDate: Date | null; clientName: string; clientEmail: string; clientNumber: string; clientCategory: number[]; organisation: number[]; venueId: number | null; venueName: string; venueAddress: string; ... 8 more ...; endDate: Date; }' and '{ clientName: string; clientEmail: string; clientNumber: string; clientCategory: number[]; organisation: number[]; venueId: number | null; venueName: string; venueAddress: string; venueCapacity: string; ... 8 more ...; endDate: Date; }' are incompatible.
      The types of 'startDate' are incompatible between these types.
        Type 'Date | null' is not assignable to type 'Date'.
          Type 'null' is not assignable to type 'Date'.
app/(modules)/events/leads/add.tsx(295,33): error TS2322: Type '{ label: string; date: Date; onChange: (d: Date | null) => void; }' is not assignable to type 'IntrinsicAttributes & DatePickerProps'.
  Property 'date' does not exist on type 'IntrinsicAttributes & DatePickerProps'.
app/(modules)/events/leads/add.tsx(296,62): error TS2345: Argument of type '(prev: { clientName: string; clientEmail: string; clientNumber: string; clientCategory: number[]; organisation: number[]; venueId: number | null; venueName: string; venueAddress: string; venueCapacity: string; ... 8 more ...; endDate: Date; }) => { ...; }' is not assignable to parameter of type 'SetStateAction<{ clientName: string; clientEmail: string; clientNumber: string; clientCategory: number[]; organisation: number[]; venueId: number | null; venueName: string; venueAddress: string; venueCapacity: string; ... 8 more ...; endDate: Date; }>'.
  Type '(prev: { clientName: string; clientEmail: string; clientNumber: string; clientCategory: number[]; organisation: number[]; venueId: number | null; venueName: string; venueAddress: string; venueCapacity: string; ... 8 more ...; endDate: Date; }) => { ...; }' is not assignable to type '(prevState: { clientName: string; clientEmail: string; clientNumber: string; clientCategory: number[]; organisation: number[]; venueId: number | null; venueName: string; venueAddress: string; venueCapacity: string; ... 8 more ...; endDate: Date; }) => { ...; }'.
    Call signature return types '{ endDate: Date | null; clientName: string; clientEmail: string; clientNumber: string; clientCategory: number[]; organisation: number[]; venueId: number | null; venueName: string; venueAddress: string; ... 8 more ...; startDate: Date; }' and '{ clientName: string; clientEmail: string; clientNumber: string; clientCategory: number[]; organisation: number[]; venueId: number | null; venueName: string; venueAddress: string; venueCapacity: string; ... 8 more ...; endDate: Date; }' are incompatible.
      The types of 'endDate' are incompatible between these types.
        Type 'Date | null' is not assignable to type 'Date'.
          Type 'null' is not assignable to type 'Date'.
app/(modules)/events/leads/add.tsx(308,25): error TS2322: Type '{ label: string; options: { label: string; value: string; }[]; value: string; onSelect: (val: any) => void; }' is not assignable to type 'IntrinsicAttributes & SelectProps'.
  Property 'onSelect' does not exist on type 'IntrinsicAttributes & SelectProps'.
app/(modules)/events/leads/add.tsx(308,36): error TS7006: Parameter 'val' implicitly has an 'any' type.
app/(modules)/events/leads/add.tsx(325,25): error TS2322: Type '{ label: string; value: string; onChangeText: (t: string) => void; placeholder: string; multiline: true; numberOfLines: number; style: { height: number; }; }' is not assignable to type 'IntrinsicAttributes & InputProps'.
  Property 'style' does not exist on type 'IntrinsicAttributes & InputProps'.
app/(modules)/events/leads/add.tsx(329,18): error TS2322: Type '{ children: string; onPress: () => Promise<void>; loading: boolean; size: "lg"; style: { marginTop: number; }; }' is not assignable to type 'IntrinsicAttributes & ButtonProps'.
  Property 'children' does not exist on type 'IntrinsicAttributes & ButtonProps'.
app/(modules)/finance/[id].tsx(63,26): error TS2322: Type '{ message: string; }' is not assignable to type 'IntrinsicAttributes & LoadingStateProps'.
  Property 'message' does not exist on type 'IntrinsicAttributes & LoadingStateProps'.
app/(modules)/finance/[id].tsx(73,11): error TS2322: Type '{ icon: "alert-circle-outline"; title: string; message: string; }' is not assignable to type 'IntrinsicAttributes & EmptyStateProps'.
  Property 'message' does not exist on type 'IntrinsicAttributes & EmptyStateProps'.
app/(modules)/finance/[id].tsx(216,30): error TS2339: Property 'name' does not exist on type 'number | AppEvent'.
  Property 'name' does not exist on type 'number'.
app/(modules)/finance/[id].tsx(220,26): error TS2339: Property 'client' does not exist on type 'number | AppEvent'.
  Property 'client' does not exist on type 'number'.
app/(modules)/finance/[id].tsx(226,31): error TS2339: Property 'client' does not exist on type 'number | AppEvent'.
  Property 'client' does not exist on type 'number'.
app/(modules)/finance/[id].tsx(378,30): error TS2339: Property 'payment_status' does not exist on type 'SalesPayment'.
app/(modules)/finance/[id].tsx(384,67): error TS2339: Property 'payment_status' does not exist on type 'SalesPayment'.
app/(modules)/finance/[id].tsx(390,59): error TS2339: Property 'payment_status' does not exist on type 'SalesPayment'.
app/(modules)/finance/[id].tsx(393,36): error TS2339: Property 'payment_status' does not exist on type 'SalesPayment'.
app/(modules)/finance/[id].tsx(405,15): error TS2339: Property 'notes' does not exist on type 'Sale'.
app/(modules)/finance/[id].tsx(418,21): error TS2339: Property 'notes' does not exist on type 'Sale'.
app/(modules)/finance/add-expense.tsx(19,3): error TS2305: Module '"@/hooks/useFinanceQueries"' has no exported member 'useEvents'.
app/(modules)/finance/add-expense.tsx(22,23): error TS2459: Module '"@/types/finance"' declares 'Event' locally, but it is not exported.
app/(modules)/finance/add-expense.tsx(48,79): error TS2554: Expected 1 arguments, but got 2.
app/(modules)/finance/add-expense.tsx(110,9): error TS2322: Type '"paid" | "not_paid" | "partial_paid"' is not assignable to type '"pending" | "paid" | "partial"'.
  Type '"not_paid"' is not assignable to type '"pending" | "paid" | "partial"'.
app/(modules)/finance/add-expense.tsx(111,9): error TS2322: Type '"Other" | "Cash" | "Cheque" | "Bank Transfer" | "Credit Card" | "Debit Card" | "Gpay"' is not assignable to type '"card" | "cash" | "cheque" | "upi" | "bank_transfer"'.
  Type '"Other"' is not assignable to type '"card" | "cash" | "cheque" | "upi" | "bank_transfer"'.
app/(modules)/finance/add-expense.tsx(112,9): error TS2322: Type 'string' is not assignable to type 'boolean'.
  Type 'string' is not assignable to type 'boolean'.
app/(modules)/finance/add-expense.tsx(114,33): error TS2339: Property 'id' does not exist on type 'number | Vendor'.
  Property 'id' does not exist on type 'number'.
app/(modules)/finance/add-expense.tsx(115,31): error TS2339: Property 'id' does not exist on type 'number | AppEvent'.
  Property 'id' does not exist on type 'number'.
app/(modules)/finance/add-expense.tsx(116,42): error TS2339: Property 'reimbursement_requested' does not exist on type 'Expense'.
app/(modules)/finance/add-expense.tsx(117,24): error TS2339: Property 'notes' does not exist on type 'Expense'.
app/(modules)/finance/add-expense.tsx(119,25): error TS2345: Argument of type 'number | Vendor | null' is not assignable to parameter of type 'SetStateAction<Vendor | null>'.
  Type 'number' is not assignable to type 'SetStateAction<Vendor | null>'.
app/(modules)/finance/add-expense.tsx(131,12): error TS2339: Property 'contact_person' does not exist on type 'Vendor'.
app/(modules)/finance/add-expense.tsx(134,41): error TS7006: Parameter 'event' implicitly has an 'any' type.
app/(modules)/finance/add-expense.tsx(403,13): error TS2322: Type 'string' is not assignable to type 'Date'.
app/(modules)/finance/add-expense.tsx(418,16): error TS2304: Cannot find name 'DropdownField'.
app/(modules)/finance/add-expense.tsx(452,33): error TS2339: Property 'contact_person' does not exist on type 'Vendor'.
app/(modules)/finance/add-expense.tsx(454,31): error TS2339: Property 'phone' does not exist on type 'Vendor'.
app/(modules)/finance/add-expense.tsx(460,37): error TS2339: Property 'phone' does not exist on type 'Vendor'.
app/(modules)/finance/add-expense.tsx(475,12): error TS2304: Cannot find name 'DropdownField'.
app/(modules)/finance/add-expense.tsx(791,31): error TS2339: Property 'contact_person' does not exist on type 'Vendor'.
app/(modules)/finance/add-expense.tsx(793,35): error TS2339: Property 'contact_person' does not exist on type 'Vendor'.
app/(modules)/finance/add-expense.tsx(793,59): error TS2339: Property 'phone' does not exist on type 'Vendor'.
app/(modules)/finance/add-expense.tsx(793,79): error TS2339: Property 'phone' does not exist on type 'Vendor'.
app/(modules)/finance/add-expense.tsx(860,39): error TS7006: Parameter 'event' implicitly has an 'any' type.
app/(modules)/finance/add-invoice.tsx(35,79): error TS2554: Expected 1 arguments, but got 2.
app/(modules)/finance/add-invoice.tsx(73,31): error TS2339: Property 'client_email' does not exist on type 'Invoice'.
app/(modules)/finance/add-invoice.tsx(74,31): error TS2339: Property 'client_phone' does not exist on type 'Invoice'.
app/(modules)/finance/add-invoice.tsx(75,33): error TS2339: Property 'client_address' does not exist on type 'Invoice'.
app/(modules)/finance/add-invoice.tsx(76,31): error TS2339: Property 'id' does not exist on type 'number | AppEvent'.
  Property 'id' does not exist on type 'number'.
app/(modules)/finance/add-invoice.tsx(77,31): error TS2339: Property 'invoice_date' does not exist on type 'Invoice'.
app/(modules)/finance/add-invoice.tsx(78,27): error TS2339: Property 'due_date' does not exist on type 'Invoice'.
app/(modules)/finance/add-invoice.tsx(79,25): error TS2339: Property 'status' does not exist on type 'Invoice'.
app/(modules)/finance/add-invoice.tsx(80,24): error TS2339: Property 'notes' does not exist on type 'Invoice'.
app/(modules)/finance/add-invoice.tsx(81,35): error TS2339: Property 'terms_conditions' does not exist on type 'Invoice'.
app/(modules)/finance/add-invoice.tsx(82,40): error TS2339: Property 'gst_percentage' does not exist on type 'Invoice'.
app/(modules)/finance/add-invoice.tsx(84,24): error TS2345: Argument of type 'number | AppEvent | null' is not assignable to parameter of type 'SetStateAction<Event | null>'.
  Type 'number' is not assignable to type 'SetStateAction<Event | null>'.
app/(modules)/finance/add-invoice.tsx(85,24): error TS2339: Property 'invoice_items' does not exist on type 'Invoice'.
app/(modules)/finance/add-invoice.tsx(94,41): error TS7006: Parameter 'event' implicitly has an 'any' type.
app/(modules)/finance/add-invoice.tsx(102,32): error TS2339: Property 'id' does not exist on type 'Event'.
app/(modules)/finance/add-invoice.tsx(104,15): error TS2339: Property 'client' does not exist on type 'Event'.
app/(modules)/finance/add-invoice.tsx(105,40): error TS2339: Property 'client' does not exist on type 'Event'.
app/(modules)/finance/add-invoice.tsx(106,41): error TS2339: Property 'client' does not exist on type 'Event'.
app/(modules)/finance/add-invoice.tsx(107,41): error TS2339: Property 'client' does not exist on type 'Event'.
app/(modules)/finance/add-invoice.tsx(108,43): error TS2339: Property 'client' does not exist on type 'Event'.
app/(modules)/finance/add-invoice.tsx(117,7): error TS2322: Type 'number' is not assignable to type 'string'.
app/(modules)/finance/add-invoice.tsx(132,23): error TS2339: Property 'description' does not exist on type 'Partial<InvoiceItem>'.
app/(modules)/finance/add-invoice.tsx(136,34): error TS2365: Operator '<=' cannot be applied to types 'string' and 'number'.
app/(modules)/finance/add-invoice.tsx(140,22): error TS2339: Property 'unit_price' does not exist on type 'Partial<InvoiceItem>'.
app/(modules)/finance/add-invoice.tsx(140,48): error TS2339: Property 'unit_price' does not exist on type 'Partial<InvoiceItem>'.
app/(modules)/finance/add-invoice.tsx(145,20): error TS2362: The left-hand side of an arithmetic operation must be of type 'any', 'number', 'bigint' or an enum type.
app/(modules)/finance/add-invoice.tsx(145,63): error TS2339: Property 'unit_price' does not exist on type 'Partial<InvoiceItem>'.
app/(modules)/finance/add-invoice.tsx(235,29): error TS2339: Property 'description' does not exist on type 'Partial<InvoiceItem>'.
app/(modules)/finance/add-invoice.tsx(237,28): error TS2339: Property 'unit_price' does not exist on type 'Partial<InvoiceItem>'.
app/(modules)/finance/add-invoice.tsx(246,41): error TS2345: Argument of type '{ invoice_number: string; client_name: string; client_email: string | null; client_phone: string | null; client_address: string | null; event: number | null; invoice_date: string; ... 9 more ...; invoice_items: { ...; }[]; }' is not assignable to parameter of type 'CreateInvoiceRequest'.
  Type '{ invoice_number: string; client_name: string; client_email: string | null; client_phone: string | null; client_address: string | null; event: number | null; invoice_date: string; ... 9 more ...; invoice_items: { ...; }[]; }' is missing the following properties from type 'CreateInvoiceRequest': client, date, final_amount, items
app/(modules)/finance/add-invoice.tsx(297,10): error TS2304: Cannot find name 'TextInput'.
app/(modules)/finance/add-invoice.tsx(399,16): error TS2552: Cannot find name 'DatePickerInput'. Did you mean 'DatePicker'?
app/(modules)/finance/add-invoice.tsx(402,32): error TS7006: Parameter 'date' implicitly has an 'any' type.
app/(modules)/finance/add-invoice.tsx(407,16): error TS2552: Cannot find name 'DatePickerInput'. Did you mean 'DatePicker'?
app/(modules)/finance/add-invoice.tsx(410,32): error TS7006: Parameter 'date' implicitly has an 'any' type.
app/(modules)/finance/add-invoice.tsx(424,12): error TS2304: Cannot find name 'DropdownField'.
app/(modules)/finance/add-invoice.tsx(426,35): error TS2339: Property 'name' does not exist on type 'Event'.
app/(modules)/finance/add-invoice.tsx(443,32): error TS2339: Property 'client' does not exist on type 'Event'.
app/(modules)/finance/add-invoice.tsx(523,29): error TS2339: Property 'description' does not exist on type 'Partial<InvoiceItem>'.
app/(modules)/finance/add-invoice.tsx(526,60): error TS2339: Property 'unit_price' does not exist on type 'Partial<InvoiceItem>'.
app/(modules)/finance/add-invoice.tsx(549,18): error TS2304: Cannot find name 'designSystem'.
app/(modules)/finance/add-invoice.tsx(652,16): error TS2304: Cannot find name 'TextInput'.
app/(modules)/finance/add-invoice.tsx(674,39): error TS7006: Parameter 'event' implicitly has an 'any' type.
app/(modules)/finance/add-invoice.tsx(749,39): error TS2339: Property 'description' does not exist on type 'Partial<InvoiceItem>'.
app/(modules)/finance/add-invoice.tsx(751,54): error TS2353: Object literal may only specify known properties, and 'description' does not exist in type 'Partial<InvoiceItem> | ((prevState: Partial<InvoiceItem> | null) => Partial<InvoiceItem> | null)'.
app/(modules)/finance/add-invoice.tsx(764,58): error TS2322: Type 'number' is not assignable to type 'string'.
app/(modules)/finance/add-invoice.tsx(774,50): error TS2339: Property 'unit_price' does not exist on type 'Partial<InvoiceItem>'.
app/(modules)/finance/add-invoice.tsx(776,58): error TS2353: Object literal may only specify known properties, and 'unit_price' does not exist in type 'Partial<InvoiceItem> | ((prevState: Partial<InvoiceItem> | null) => Partial<InvoiceItem> | null)'.
app/(modules)/finance/add-invoice.tsx(786,69): error TS2339: Property 'unit_price' does not exist on type 'Partial<InvoiceItem>'.
app/(modules)/finance/add-invoice.tsx(796,26): error TS2362: The left-hand side of an arithmetic operation must be of type 'any', 'number', 'bigint' or an enum type.
app/(modules)/finance/add-invoice.tsx(796,69): error TS2339: Property 'unit_price' does not exist on type 'Partial<InvoiceItem>'.
app/(modules)/finance/add-sale.tsx(375,53): error TS18047: 'date' is possibly 'null'.
app/(modules)/finance/add-sale.tsx(376,13): error TS2322: Type '{ label: string; value: Date; onChange: (date: Date | null) => void; mode: string; }' is not assignable to type 'IntrinsicAttributes & DatePickerProps'.
  Property 'mode' does not exist on type 'IntrinsicAttributes & DatePickerProps'.
app/(modules)/finance/add-sale.tsx(550,82): error TS18047: 'date' is possibly 'null'.
app/(modules)/finance/add-sale.tsx(552,19): error TS2322: Type '{ label: string; value: Date; onChange: (date: Date | null) => void; mode: string; }' is not assignable to type 'IntrinsicAttributes & DatePickerProps'.
  Property 'mode' does not exist on type 'IntrinsicAttributes & DatePickerProps'.
app/(modules)/finance/components/FinanceAnalytics.tsx(35,46): error TS2551: Property 'total_count' does not exist on type 'SalesAnalytics'. Did you mean 'total_amount'?
app/(modules)/finance/components/FinanceAnalytics.tsx(41,53): error TS2551: Property 'total_count' does not exist on type 'ExpensesAnalytics'. Did you mean 'total_amount'?
app/(modules)/finance/components/InvoicesList.tsx(40,26): error TS2339: Property 'name' does not exist on type 'number | AppEvent'.
  Property 'name' does not exist on type 'number'.
app/(modules)/finance/components/InvoicesList.tsx(46,55): error TS2339: Property 'status' does not exist on type 'Invoice'.
app/(modules)/finance/components/InvoicesList.tsx(54,9): error TS2561: Object literal may only specify known properties, but 'client_name' does not exist in type 'InvoiceRowData'. Did you mean to write 'clientName'?
app/(modules)/finance/components/InvoicesList.tsx(55,31): error TS2339: Property 'name' does not exist on type 'number | AppEvent'.
  Property 'name' does not exist on type 'number'.
app/(modules)/finance/components/InvoicesList.tsx(57,30): error TS2339: Property 'paid_amount' does not exist on type 'Invoice'.
app/(modules)/finance/components/InvoicesList.tsx(58,64): error TS2339: Property 'paid_amount' does not exist on type 'Invoice'.
app/(modules)/finance/components/InvoicesList.tsx(59,31): error TS2339: Property 'invoice_date' does not exist on type 'Invoice'.
app/(modules)/finance/components/InvoicesList.tsx(60,27): error TS2339: Property 'due_date' does not exist on type 'Invoice'.
app/(modules)/finance/components/InvoicesList.tsx(61,25): error TS2339: Property 'status' does not exist on type 'Invoice'.
app/(modules)/finance/components/InvoicesList.tsx(62,30): error TS2339: Property 'invoice_items' does not exist on type 'Invoice'.
app/(modules)/finance/components/InvoicesList.tsx(63,29): error TS2551: Property 'created_by' does not exist on type 'Invoice'. Did you mean 'created_at'?
app/(modules)/finance/components/InvoicesList.tsx(63,53): error TS2551: Property 'created_by' does not exist on type 'Invoice'. Did you mean 'created_at'?
app/(modules)/finance/components/InvoicesList.tsx(63,86): error TS2551: Property 'created_by' does not exist on type 'Invoice'. Did you mean 'created_at'?
app/(modules)/finance/expense-detail/[id].tsx(18,10): error TS2614: Module '"@/constants/designSystem"' has no exported member 'getTypographyStyle'. Did you mean to use 'import getTypographyStyle from "@/constants/designSystem"' instead?
app/(modules)/finance/expense-detail/[id].tsx(193,9): error TS2322: Type '{ title: string; showBackButton: true; actions: Element; }' is not assignable to type 'IntrinsicAttributes & ModuleHeaderProps'.
  Property 'showBackButton' does not exist on type 'IntrinsicAttributes & ModuleHeaderProps'.
app/(modules)/finance/expense-detail/[id].tsx(257,15): error TS2322: Type '{ status: "paid" | "not_paid" | "partial_paid"; color: string; }' is not assignable to type 'IntrinsicAttributes & StatusBadgeProps'.
  Property 'color' does not exist on type 'IntrinsicAttributes & StatusBadgeProps'.
app/(modules)/finance/expense-detail/[id].tsx(338,18): error TS2339: Property 'vendor_details' does not exist on type 'Expense'.
app/(modules)/finance/expense-detail/[id].tsx(358,28): error TS2339: Property 'vendor_details' does not exist on type 'Expense'.
app/(modules)/finance/expense-detail/[id].tsx(361,24): error TS2339: Property 'vendor_details' does not exist on type 'Expense'.
app/(modules)/finance/expense-detail/[id].tsx(367,30): error TS2339: Property 'vendor_details' does not exist on type 'Expense'.
app/(modules)/finance/expense-detail/[id].tsx(371,24): error TS2339: Property 'vendor_details' does not exist on type 'Expense'.
app/(modules)/finance/expense-detail/[id].tsx(377,30): error TS2339: Property 'vendor_details' does not exist on type 'Expense'.
app/(modules)/finance/expense-detail/[id].tsx(386,18): error TS2339: Property 'event_details' does not exist on type 'Expense'.
app/(modules)/finance/expense-detail/[id].tsx(406,28): error TS2339: Property 'event_details' does not exist on type 'Expense'.
app/(modules)/finance/expense-detail/[id].tsx(409,24): error TS2339: Property 'event_details' does not exist on type 'Expense'.
app/(modules)/finance/expense-detail/[id].tsx(415,30): error TS2339: Property 'event_details' does not exist on type 'Expense'.
app/(modules)/finance/expense-detail/[id].tsx(518,18): error TS2339: Property 'reimbursement_requested' does not exist on type 'Expense'.
app/(modules)/finance/expense-detail/[id].tsx(538,22): error TS2339: Property 'reimbursement_status' does not exist on type 'Expense'.
app/(modules)/finance/expense-detail/[id].tsx(544,35): error TS2339: Property 'reimbursement_status' does not exist on type 'Expense'.
app/(modules)/finance/expense-detail/[id].tsx(545,19): error TS2322: Type '{ status: any; color: string; style: { marginTop: number; alignSelf: string; }; }' is not assignable to type 'IntrinsicAttributes & StatusBadgeProps'.
  Property 'color' does not exist on type 'IntrinsicAttributes & StatusBadgeProps'.
app/(modules)/finance/expense-detail/[id].tsx(545,62): error TS2339: Property 'reimbursement_status' does not exist on type 'Expense'.
app/(modules)/finance/expense-detail/[id].tsx(588,18): error TS2339: Property 'notes' does not exist on type 'Expense'.
app/(modules)/finance/expense-detail/[id].tsx(603,24): error TS2339: Property 'notes' does not exist on type 'Expense'.
app/(modules)/hr/[id].tsx(251,37): error TS2322: Type 'string | undefined' is not assignable to type 'string'.
  Type 'undefined' is not assignable to type 'string'.
app/(modules)/hr/[id].tsx(252,43): error TS2322: Type 'string | undefined' is not assignable to type 'string'.
  Type 'undefined' is not assignable to type 'string'.
app/(modules)/hr/add-reimbursement.tsx(129,13): error TS2322: Type '{ label: string; value: string; onChangeText: (text: string) => void; placeholder: string; keyboardType: "numeric"; leftIcon: string; }' is not assignable to type 'IntrinsicAttributes & FormFieldProps'.
  Property 'leftIcon' does not exist on type 'IntrinsicAttributes & FormFieldProps'.
app/(modules)/hr/add-reimbursement.tsx(137,13): error TS2322: Type '{ label: string; value: string; onChangeText: (text: string) => void; placeholder: string; leftIcon: string; }' is not assignable to type 'IntrinsicAttributes & FormFieldProps'.
  Property 'leftIcon' does not exist on type 'IntrinsicAttributes & FormFieldProps'.
app/(modules)/leave/history.tsx(72,45): error TS2769: No overload matches this call.
  Overload 1 of 4, '(value: string | number | Date): Date', gave the following error.
    Argument of type 'string | undefined' is not assignable to parameter of type 'string | number | Date'.
      Type 'undefined' is not assignable to type 'string | number | Date'.
  Overload 2 of 4, '(value: string | number): Date', gave the following error.
    Argument of type 'string | undefined' is not assignable to parameter of type 'string | number'.
      Type 'undefined' is not assignable to type 'string | number'.
app/(modules)/projects/[id].tsx(113,13): error TS2322: Type '{ key: "1" | "2" | "3" | "4" | "5"; title: string; onPress: () => void; variant: "primary" | "outline"; size: "sm"; iconName: string; }' is not assignable to type 'IntrinsicAttributes & ButtonProps'.
  Property 'iconName' does not exist on type 'IntrinsicAttributes & ButtonProps'.
app/(modules)/projects/[id].tsx(158,19): error TS2322: Type '{ iconName: string; onPress: () => void; variant: "ghost"; size: "sm"; }' is not assignable to type 'IntrinsicAttributes & ButtonProps'.
  Property 'iconName' does not exist on type 'IntrinsicAttributes & ButtonProps'.
app/(modules)/projects/[id].tsx(173,11): error TS2322: Type '{ iconName: string; onPress: () => Promise<void>; variant: "ghost"; size: "sm"; }' is not assignable to type 'IntrinsicAttributes & ButtonProps'.
  Property 'iconName' does not exist on type 'IntrinsicAttributes & ButtonProps'.
app/(modules)/projects/[id].tsx(228,40): error TS2322: Type 'TaskStatus' is not assignable to type 'StatusType | undefined'.
  Type '"Completed"' is not assignable to type 'StatusType | undefined'. Did you mean '"completed"'?
app/(modules)/projects/[id].tsx(229,72): error TS2820: Type '"In Progress"' is not assignable to type 'StatusType | undefined'. Did you mean '"in-progress"'?
app/(modules)/projects/[id].tsx(251,13): error TS2322: Type '{ title: string; iconName: string; onPress: () => void; variant: "primary"; size: "md"; style: { marginBottom: 16; }; }' is not assignable to type 'IntrinsicAttributes & ButtonProps'.
  Property 'iconName' does not exist on type 'IntrinsicAttributes & ButtonProps'.
app/(modules)/projects/[id].tsx(303,40): error TS2322: Type '{ title: string; iconName: string; onPress: () => void; variant: "outline"; size: "sm"; }' is not assignable to type 'IntrinsicAttributes & ButtonProps'.
  Property 'iconName' does not exist on type 'IntrinsicAttributes & ButtonProps'.
app/(modules)/projects/[id].tsx(354,25): error TS2769: No overload matches this call.
  Overload 1 of 2, '(props: ViewProps): View', gave the following error.
    Type '{ flexDirection: "row"; justifyContent: "space-between"; alignItems: "start"; marginBottom: 8; }' is not assignable to type 'StyleProp<ViewStyle>'.
      Types of property 'alignItems' are incompatible.
        Type '"start"' is not assignable to type 'FlexAlignType | undefined'.
  Overload 2 of 2, '(props: ViewProps, context: any): View', gave the following error.
    Type '{ flexDirection: "row"; justifyContent: "space-between"; alignItems: "start"; marginBottom: 8; }' is not assignable to type 'StyleProp<ViewStyle>'.
      Types of property 'alignItems' are incompatible.
        Type '"start"' is not assignable to type 'FlexAlignType | undefined'.
app/(modules)/projects/index.tsx(245,51): error TS2339: Property 'name' does not exist on type 'Priority'.
app/(settings)/index.tsx(327,18): error TS2532: Object is possibly 'undefined'.
app/(settings)/index.tsx(327,56): error TS2532: Object is possibly 'undefined'.
app/disable-logs.ts(22,12): error TS7017: Element implicitly has an 'any' type because type 'typeof globalThis' has no index signature.
app/disable-logs.ts(28,12): error TS7017: Element implicitly has an 'any' type because type 'typeof globalThis' has no index signature.
